Compiling 45 files with Solc 0.8.30
Solc 0.8.30 finished in 119.19s
Compiler run successful with warnings:
Warning (5740): Unreachable code.
   --> src/labs/PongInterludeRoomsChaos.sol:349:9:
    |
349 |         Rating memory rb = ratingOf(b, mode);
    |         ^^^^^^^^^^^^^^^^^^^^^^^^^^^^^^^^^^^^

Warning (5740): Unreachable code.
   --> src/labs/PongInterludeRoomsChaos.sol:350:9:
    |
350 |         _set(id, 12, uint256(ra.elo) | (uint256(rb.elo) << 32));
    |         ^^^^^^^^^^^^^^^^^^^^^^^^^^^^^^^^^^^^^^^^^^^^^^^^^^^^^^^

Warning (5740): Unreachable code.
   --> src/labs/PongInterludeRoomsChaos.sol:351:9:
    |
351 |         (ra, rb) = _calculate(ra, rb, winner == a, _pairCount(a, b, mode));
    |         ^^^^^^^^^^^^^^^^^^^^^^^^^^^^^^^^^^^^^^^^^^^^^^^^^^^^^^^^^^^^^^^^^^

Warning (5740): Unreachable code.
   --> src/labs/PongInterludeRoomsChaos.sol:352:9:
    |
352 |         _rating(id, a, ra);
    |         ^^^^^^^^^^^^^^^^^^

Warning (5740): Unreachable code.
   --> src/labs/PongInterludeRoomsChaos.sol:353:9:
    |
353 |         _rating(id, b, rb);
    |         ^^^^^^^^^^^^^^^^^^

Warning (5740): Unreachable code.
   --> src/labs/PongInterludeRoomsChaos.sol:354:9:
    |
354 |         _set(id, 12, _get(id, 12) | (uint256(ra.elo) << 64) | (uint256(rb.elo) << 96));
    |         ^^^^^^^^^^^^^^^^^^^^^^^^^^^^^^^^^^^^^^^^^^^^^^^^^^^^^^^^^^^^^^^^^^^^^^^^^^^^^^

Warning (5740): Unreachable code.
   --> src/independent/IndependentLobby.sol:183:22:
    |
183 |         capture(id); IndependentArena a = IndependentArena(arenaOf[id]);
    |                      ^ (Relevant source part starts here and spans across multiple lines).

Warning (5740): Unreachable code.
   --> src/independent/IndependentLobby.sol:185:9:
    |
185 |         a.closeEngine(); emit ArenaClosing(id,address(a),a.boundMatch().epoch);
    |         ^^^^^^^^^^^^^^^^^^^^^^^^^^^^^^^^^^^^^^^^^^^^^^^^^^^^^^^^^^^^^^^^^^^^^^

Warning (2018): Function state mutability can be restricted to pure
  --> src/chaos/ChaosDynamics.sol:84:5:
   |
84 |     function force(T.State memory s) external view returns(T.State memory){
   |     ^ (Relevant source part starts here and spans across multiple lines).

Warning (2018): Function state mutability can be restricted to pure
  --> src/autonomous/AuthorityRating.sol:42:5:
   |
42 |     function _calculate(
   |     ^ (Relevant source part starts here and spans across multiple lines).

Warning (2018): Function state mutability can be restricted to pure
  --> test/Independent.t.sol:60:5:
   |
60 |     function _sig(uint256 key,bytes32 h) private view returns(bytes memory) {
   |     ^ (Relevant source part starts here and spans across multiple lines).


Ran 10 tests for test/ReusableAgentPool.t.sol:ReusableAgentPoolTest
[PASS] testClosureDoesNotStopOtherLaneAndNextAdmissionUsesOtherArena() (gas: 6774512)
[PASS] testDisputedRootCannotReleaseParticipationOrCreateRating() (gas: 3981289)
[PASS] testFalseBridgeControllerCannotBecomeAuthoritativeResult() (gas: 2209371)
[PASS] testNewCommunityCodeWaitsWithoutConsumingChallengeThenUsesNewerArena() (gas: 2525413)
[PASS] testNewCommunityDoesNotHoldUpKnownQualification() (gas: 3826804)
[PASS] testNewHumanAfterOpeningHasExactGrantAndNoHumanElo() (gas: 4095526)
[PASS] testRuntimeBudgetsAndPublicGateRemainExplicit() (gas: 6206195)
Logs:
  reusable agent root bytes: 24516
  reusable agent pool bytes: 31582

[PASS] testSameSessionNextTournamentFixtureAndHistoricalProofAfterReuse() (gas: 6793408)
[PASS] testUnadmittedExpiryCapturesCancellationAndReusesSameEpoch() (gas: 2921629)
[PASS] testUncertainExpiredTicketKeepsParticipationUntilReleasedAbsence() (gas: 2177481)
Suite result: ok. 10 passed; 0 failed; 0 skipped; finished in 16.67ms (47.76ms CPU time)

Ran 15 tests for test/ReusableAgentInstancesPool.t.sol:ReusableAgentInstancesPoolTest
[PASS] testClosureDoesNotStopOtherLaneAndNextAdmissionUsesOtherArena() (gas: 6775011)
[PASS] testCommunityIdentityCannotUseHouseInstancesToBypassTournamentLock() (gas: 1963761)
[PASS] testCommunityQualificationCanUseAHouseOpponentDuringItsTournament() (gas: 6949413)
[PASS] testDisputedRootCannotReleaseParticipationOrCreateRating() (gas: 3981744)
[PASS] testFalseBridgeControllerCannotBecomeAuthoritativeResult() (gas: 2167191)
[PASS] testFriendlyMissingPublicationAndCancellationCannotReleaseTournamentIdentity() (gas: 5761092)
[PASS] testHouseTournamentAndFriendlyCaptureInEitherOrder() (gas: 82221256)
[PASS] testNewCommunityCodeWaitsWithoutConsumingChallengeThenUsesNewerArena() (gas: 2536398)
[PASS] testNewCommunityDoesNotHoldUpKnownQualification() (gas: 3841500)
[PASS] testNewHumanAfterOpeningHasExactGrantAndNoHumanElo() (gas: 4110607)
[FAIL: assertion failed: 33687 > 32768] testRuntimeBudgetsAndPublicGateRemainExplicit() (gas: 6199506)
Logs:
  reusable agent root bytes: 24516
  reusable agent pool bytes: 33687

[PASS] testSameSessionNextTournamentFixtureAndHistoricalProofAfterReuse() (gas: 6794461)
[PASS] testUnadmittedExpiryCapturesCancellationAndReusesSameEpoch() (gas: 2934664)
[PASS] testUnadmittedHouseInstanceCancellationAndRenewalPreserveTournamentLock() (gas: 6447330)
[PASS] testUncertainExpiredTicketKeepsParticipationUntilReleasedAbsence() (gas: 2190563)
Suite result: FAILED. 14 passed; 1 failed; 0 skipped; finished in 31.97ms (96.57ms CPU time)

Ran 2 test suites in 34.20ms (48.64ms CPU time): 24 tests passed, 1 failed, 0 skipped (25 total tests)

Failing tests:
Encountered 1 failing test in test/ReusableAgentInstancesPool.t.sol:ReusableAgentInstancesPoolTest
[FAIL: assertion failed: 33687 > 32768] testRuntimeBudgetsAndPublicGateRemainExplicit() (gas: 6199506)

Encountered a total of 1 failing tests, 24 tests succeeded

Tip: Run `forge test --rerun` to retry only the 1 failed test
